STDOUT
--------------------------------------------------
LOG-OUTPUT
-date-:-thread-:INF: Setting default log verbosity to 4.
-date-:-thread-:INF: Using config file: [CONFIG_FILE]
-date-:-thread-:INF: Which says the database is at: /tmp/opendiastest/
-date-:-thread-:DBG: database file is /tmp/opendiastest/openDIAS.sqlite3
-date-:-thread-:DBG: Dir structure is in-place, database should exist
-date-:-thread-:DBG: Checking for a populated database
-date-:-thread-:DBG: Run Query [RECORDSET]
-date-:-thread-:DBG: We have one. So will check to see what verstion it is.
-date-:-thread-:DBG: Free recordset [RECORDSET]
-date-:-thread-:DBG: Run Query [RECORDSET]
-date-:-thread-:DBG: Database reports that it is version: 6
-date-:-thread-:DBG: Free recordset [RECORDSET]
-date-:-thread-:INF: Connected to database
-date-:-thread-:INF: database opened
-date-:-thread-:DBG: Run Query [RECORDSET]
-date-:-thread-:INF: Config setting: log_verbosity = 3
-date-:-thread-:INF: Moving log verbosity from 4 to 3
-date-:-thread-:INF: Config setting: scan_directory = /tmp/opendiastest/
-date-:-thread-:INF: Config setting: show_all_available = 1
-date-:-thread-:INF: Config setting: port = OPENDIAS_PORT
-date-:-thread-:INF: Config setting: log_directory = OPENDIAS_LOGLOCATION
-date-:-thread-:INF: Created directory.
-date-:-thread-:INF: Sane backend started
-date-:-thread-:INF: Sane command socket is open
-date-:-thread-:INF: ... Starting up the openDias service.
-date-:-thread-:INF: ready to accept connectons
-date-:-thread-:INF: Processing request for: tagsAutoComplete
 ----- line duplicated more than three times ----- 
-date-:-thread-:INF: Processing request for: tagsAutoComplete
-date-:-thread-:INF: Processing request for: titleAutoComplete
 ----- line duplicated more than three times ----- 
-date-:-thread-:INF: Processing request for: titleAutoComplete
-date-:-thread-:INF: Received SIGUSR1 signal.
-date-:-thread-:INF: openDias service is shutting down....
-date-:-thread-:INF: openDias service has shutdown.
