STDOUT
--------------------------------------------------
LOG-OUTPUT
-date-:-thread-:INF: Setting default log verbosity to 4.
-date-:-thread-:INF: Using config file: [CONFIG_FILE]
-date-:-thread-:INF: Which says the database is at: /tmp/opendiastest/
-date-:-thread-:DBG: database file is /tmp/opendiastest/openDIAS.sqlite3
-date-:-thread-:DBG: Dir structure is in-place, database should exist
-date-:-thread-:DBG: Checking for a populated database
-date-:-thread-:DBG: Run Query [RECORDSET]
-date-:-thread-:DBG: We have one. So will check to see what verstion it is.
-date-:-thread-:DBG: Free recordset [RECORDSET]
-date-:-thread-:DBG: Run Query [RECORDSET]
-date-:-thread-:DBG: Database reports that it is version: 6
-date-:-thread-:DBG: Free recordset [RECORDSET]
-date-:-thread-:INF: Connected to database
-date-:-thread-:INF: database opened
-date-:-thread-:DBG: Run Query [RECORDSET]
-date-:-thread-:INF: Config setting: log_verbosity = 3
-date-:-thread-:INF: Moving log verbosity from 4 to 3
-date-:-thread-:INF: Config setting: scan_directory = /tmp/opendiastest/
-date-:-thread-:INF: Config setting: show_all_available = 1
-date-:-thread-:INF: Config setting: port = OPENDIAS_PORT
-date-:-thread-:INF: Config setting: log_directory = OPENDIAS_LOGLOCATION
-date-:-thread-:INF: Created directory.
-date-:-thread-:INF: Sane backend started
-date-:-thread-:INF: Sane command socket is open
-date-:-thread-:INF: ... Starting up the openDias service.
-date-:-thread-:INF: ready to accept connectons
-date-:-thread-:ERR: no requested 'action' given.
-date-:-thread-:ERR: requested 'action' (of 'rumplestilskin') is not available.
-date-:-thread-:INF: Processing request for: delete document
-date-:-thread-:ERR: Missing manditory post data with key of docid
-date-:-thread-:INF: Processing request for: doScan
-date-:-thread-:ERR: Missing manditory post data with key of deviceid
-date-:-thread-:ERR: Missing manditory post data with key of format
-date-:-thread-:ERR: Missing manditory post data with key of resolution
-date-:-thread-:ERR: Missing manditory post data with key of pages
-date-:-thread-:ERR: Missing manditory post data with key of ocr
-date-:-thread-:ERR: Missing manditory post data with key of pagelength
-date-:-thread-:INF: Processing request for: Doc List Filter
-date-:-thread-:ERR: Missing manditory post data with key of subaction
-date-:-thread-:INF: Processing request for: document details
-date-:-thread-:ERR: Missing manditory post data with key of docid
-date-:-thread-:INF: Processing request for: getScannerList
-date-:-thread-:INF: SERVER: Sane dispatcher received the command: 'internalGetScannerList' with param of ''
-date-:-thread-:INF: Processing request for: getScanning Progress
-date-:-thread-:ERR: Missing manditory post data with key of scanprogressid
-date-:-thread-:INF: Processing request for: Move Tag
-date-:-thread-:ERR: Missing manditory post data with key of docid
-date-:-thread-:ERR: Missing manditory post data with key of tag
-date-:-thread-:ERR: Missing manditory post data with key of subaction
-date-:-thread-:INF: Processing request for: restart scan after page change
-date-:-thread-:ERR: Missing manditory post data with key of scanprogressid
-date-:-thread-:INF: Processing request for: tagsAutoComplete
-date-:-thread-:ERR: Missing manditory post data with key of startsWith
-date-:-thread-:ERR: Missing manditory post data with key of docid
-date-:-thread-:INF: Processing request for: titleAutoComplete
-date-:-thread-:ERR: Missing manditory post data with key of startsWith
-date-:-thread-:INF: Processing request for: update doc details
-date-:-thread-:ERR: Missing manditory post data with key of docid
-date-:-thread-:ERR: Missing manditory post data with key of kkey
-date-:-thread-:ERR: Missing manditory post data with key of vvalue
-date-:-thread-:INF: Processing request for: Doc List Filter
-date-:-thread-:ERR: Validation failed: fullList/count check
-date-:-thread-:INF: Processing request for: Move Tag
-date-:-thread-:ERR: Validation failed: add/remove check
-date-:-thread-:INF: Processing request for: Doc List Filter
-date-:-thread-:INF: Processing request for: Move Tag
-date-:-thread-:ERR: Missing manditory post data with key of docid
-date-:-thread-:ERR: Missing manditory post data with key of tag
-date-:-thread-:INF: Processing request for: Move Tag
-date-:-thread-:ERR: Missing manditory post data with key of docid
-date-:-thread-:ERR: Missing manditory post data with key of tag
-date-:-thread-:INF: Processing request for: Move Tag
-date-:-thread-:ERR: Missing manditory post data with key of docid
-date-:-thread-:ERR: Missing manditory post data with key of tag
-date-:-thread-:INF: Processing request for: Move Tag
-date-:-thread-:ERR: Missing manditory post data with key of docid
-date-:-thread-:ERR: Missing manditory post data with key of tag
-date-:-thread-:INF: Processing request for: delete document
-date-:-thread-:ERR: Unexpected post data with key of rogue_field
-date-:-thread-:INF: Processing request for: doScan
-date-:-thread-:ERR: Unexpected post data with key of rogue_field
-date-:-thread-:INF: Processing request for: Doc List Filter
-date-:-thread-:ERR: Unexpected post data with key of rogue_field
-date-:-thread-:INF: Processing request for: Doc List Filter
-date-:-thread-:ERR: Unexpected post data with key of rogue_field
-date-:-thread-:INF: Processing request for: document details
-date-:-thread-:ERR: Unexpected post data with key of rogue_field
-date-:-thread-:INF: Processing request for: getScannerList
-date-:-thread-:ERR: Unexpected post data with key of rogue_field
-date-:-thread-:INF: Processing request for: getScanning Progress
-date-:-thread-:ERR: Unexpected post data with key of rogue_field
-date-:-thread-:INF: Processing request for: Move Tag
-date-:-thread-:ERR: Unexpected post data with key of rogue_field
-date-:-thread-:INF: Processing request for: Move Tag
-date-:-thread-:ERR: Unexpected post data with key of rogue_field
-date-:-thread-:INF: Processing request for: Move Tag
-date-:-thread-:ERR: Unexpected post data with key of rogue_field
-date-:-thread-:INF: Processing request for: Move Tag
-date-:-thread-:ERR: Unexpected post data with key of rogue_field
-date-:-thread-:INF: Processing request for: restart scan after page change
-date-:-thread-:ERR: Unexpected post data with key of rogue_field
-date-:-thread-:INF: Processing request for: tagsAutoComplete
-date-:-thread-:ERR: Unexpected post data with key of rogue_field
-date-:-thread-:INF: Processing request for: titleAutoComplete
-date-:-thread-:ERR: Unexpected post data with key of rogue_field
-date-:-thread-:INF: Processing request for: update doc details
-date-:-thread-:ERR: Unexpected post data with key of rogue_field
-date-:-thread-:INF: Processing request for: delete document
-date-:-thread-:ERR: Validation failed: not a sane range
-date-:-thread-:INF: Processing request for: doScan
-date-:-thread-:ERR: Missing manditory post data with key of deviceid
-date-:-thread-:INF: Processing request for: doScan
-date-:-thread-:ERR: Missing manditory post data with key of format
-date-:-thread-:INF: Processing request for: doScan
-date-:-thread-:ERR: Validation failed: Unknown ocr language
-date-:-thread-:INF: Processing request for: doScan
-date-:-thread-:ERR: Missing manditory post data with key of pagelength
-date-:-thread-:INF: Processing request for: doScan
-date-:-thread-:ERR: Validation failed: not a sane range
-date-:-thread-:INF: Processing request for: doScan
-date-:-thread-:ERR: Missing manditory post data with key of resolution
-date-:-thread-:INF: Processing request for: Doc List Filter
-date-:-thread-:ERR: Validation failed: 12-3 is not an int
-date-:-thread-:ERR: Validation failed: -2 is not an int
-date-:-thread-:ERR: Validation failed: date check
-date-:-thread-:INF: Processing request for: Doc List Filter
-date-:-thread-:ERR: Validation failed: 12-3 is not an int
-date-:-thread-:ERR: Validation failed: -2 is not an int
-date-:-thread-:ERR: Validation failed: date check
-date-:-thread-:INF: Processing request for: Doc List Filter
-date-:-thread-:ERR: Validation failed: not a sane range
-date-:-thread-:INF: Processing request for: Doc List Filter
-date-:-thread-:ERR: Validation failed: not a sane range
-date-:-thread-:INF: Processing request for: Doc List Filter
-date-:-thread-:ERR: Validation failed: not a sane range
-date-:-thread-:INF: Processing request for: Doc List Filter
-date-:-thread-:ERR: Validation failed: not a sane range
-date-:-thread-:INF: Processing request for: Doc List Filter
 ----- line duplicated more than three times ----- 
-date-:-thread-:INF: Processing request for: Doc List Filter
-date-:-thread-:ERR: Validation failed: 12-3 is not an int
-date-:-thread-:ERR: Validation failed: -2 is not an int
-date-:-thread-:ERR: Validation failed: date check
-date-:-thread-:INF: Processing request for: Doc List Filter
-date-:-thread-:ERR: Validation failed: 12-3 is not an int
-date-:-thread-:ERR: Validation failed: -2 is not an int
-date-:-thread-:ERR: Validation failed: date check
-date-:-thread-:INF: Processing request for: Doc List Filter
-date-:-thread-:INF: Processing request for: document details
-date-:-thread-:ERR: Validation failed: not a sane range
-date-:-thread-:INF: Processing request for: getScanning Progress
-date-:-thread-:ERR: Validation failed: [ZZZZZZZZ-UUID-ZZZZ-ZZZZ-ZZZZZZZZZZZZ] is not a valid uuid
-date-:-thread-:INF: Processing request for: Move Tag
-date-:-thread-:ERR: Validation failed: not a sane range
-date-:-thread-:INF: Processing request for: Move Tag
-date-:-thread-:ERR: Validation failed: not a sane range
-date-:-thread-:INF: Processing request for: Move Tag
-date-:-thread-:ERR: Validation failed: not a sane range
-date-:-thread-:INF: Processing request for: Move Tag
-date-:-thread-:ERR: Validation failed: not a sane range
-date-:-thread-:INF: Processing request for: Move Tag
-date-:-thread-:ERR: Missing manditory post data with key of tag
-date-:-thread-:INF: Processing request for: Move Tag
-date-:-thread-:ERR: Missing manditory post data with key of tag
-date-:-thread-:INF: Processing request for: Move Tag
-date-:-thread-:ERR: Missing manditory post data with key of tag
-date-:-thread-:INF: Processing request for: Move Tag
-date-:-thread-:ERR: Missing manditory post data with key of tag
-date-:-thread-:INF: Processing request for: restart scan after page change
-date-:-thread-:ERR: Validation failed: [ZZZZZZZZ-UUID-ZZZZ-ZZZZ-ZZZZZZZZZZZZ] is not a valid uuid
-date-:-thread-:INF: Processing request for: tagsAutoComplete
-date-:-thread-:ERR: Validation failed: not a sane range
-date-:-thread-:INF: Processing request for: tagsAutoComplete
-date-:-thread-:ERR: Missing manditory post data with key of startsWith
-date-:-thread-:INF: Processing request for: titleAutoComplete
-date-:-thread-:ERR: Validation failed: not a sane range
-date-:-thread-:INF: Processing request for: titleAutoComplete
-date-:-thread-:ERR: Missing manditory post data with key of startsWith
-date-:-thread-:INF: Processing request for: update doc details
-date-:-thread-:ERR: Validation failed: not a sane range
-date-:-thread-:INF: Processing request for: update doc details
-date-:-thread-:ERR: trying to update an invalid doc field: 123499999.
-date-:-thread-:INF: Processing request for: update doc details
-date-:-thread-:ERR: Missing manditory post data with key of vvalue
-date-:-thread-:INF: Received SIGUSR1 signal.
-date-:-thread-:INF: openDias service is shutting down....
-date-:-thread-:INF: openDias service has shutdown.
