STDOUT
--------------------------------------------------
LOG-OUTPUT
-date-:-thread-:INF: Setting default log verbosity to 4.
-date-:-thread-:INF: Using config file: [CONFIG_FILE]
-date-:-thread-:INF: Which says the database is at: /tmp/opendiastest/
-date-:-thread-:DBG: database file is /tmp/opendiastest/openDIAS.sqlite3
-date-:-thread-:DBG: Dir structure is in-place, database should exist
-date-:-thread-:DBG: Checking for a populated database
-date-:-thread-:DBG: Run Query [RECORDSET]
-date-:-thread-:DBG: We have one. So will check to see what verstion it is.
-date-:-thread-:DBG: Free recordset [RECORDSET]
-date-:-thread-:DBG: Run Query [RECORDSET]
-date-:-thread-:DBG: Database reports that it is version: 6
-date-:-thread-:DBG: Free recordset [RECORDSET]
-date-:-thread-:INF: Connected to database
-date-:-thread-:INF: database opened
-date-:-thread-:DBG: Run Query [RECORDSET]
-date-:-thread-:INF: Config setting: log_verbosity = 3
-date-:-thread-:INF: Moving log verbosity from 4 to 3
-date-:-thread-:INF: Config setting: scan_directory = /tmp/opendiastest/
-date-:-thread-:INF: Config setting: show_all_available = 1
-date-:-thread-:INF: Config setting: port = OPENDIAS_PORT
-date-:-thread-:INF: Config setting: log_directory = OPENDIAS_LOGLOCATION
-date-:-thread-:INF: Created directory.
-date-:-thread-:INF: Sane backend started
-date-:-thread-:INF: Sane command socket is open
-date-:-thread-:INF: ... Starting up the openDias service.
-date-:-thread-:INF: ready to accept connectons
-date-:-thread-:INF: Serving request: /docDetail.html
-date-:-thread-:INF: Serving request: /includes/jquery.js
-date-:-thread-:INF: Serving request: /includes/jquery-ui.min.js
-date-:-thread-:INF: Serving request: /includes/jquery.mousewheel.js
-date-:-thread-:INF: Serving request: /includes/jquery.gzoom.js
-date-:-thread-:INF: Serving request: /includes/jquery.easySlider.js
-date-:-thread-:INF: Serving request: /includes/jquery.tagsinput.js
-date-:-thread-:INF: Serving request: /includes/openDias.saveDetails.js
-date-:-thread-:INF: Serving request: /includes/openDias.loadDetails.js
-date-:-thread-:INF: Serving request: /style/common.css
-date-:-thread-:INF: Serving request: /style/jquery-ui.css
-date-:-thread-:INF: Serving request: /style/jquery.gzoom.css
-date-:-thread-:INF: Serving request: /style/jquery.easyslider.css
-date-:-thread-:INF: Serving request: /style/jquery.tagsinput.css
-date-:-thread-:INF: Processing request for: document details
-date-:-thread-:ERR: Could not select record 999.
-date-:-thread-:INF: Received SIGUSR1 signal.
-date-:-thread-:INF: openDias service is shutting down....
-date-:-thread-:INF: openDias service has shutdown.
