Updated start command to stop the database from being created.
STARTING app...
Could not start the service.
No need for a web client for this test.
