Copying pre defined environment
Copying default database
Reserved the opendias port, to stop the service from starting correctly.
STARTING app...
Now ready
No need for a web client for this test.
