STDOUT
config file does OPENDIAS_PKGDATADIR/test/config/testappMISSING.conf does not exist
--------------------------------------------------
LOG-OUTPUT
